[
  {
    "balance": {},
    "date": "2000-01-01"
  },
  {
    "balance": {
      "USD": -50,
      "XYZ": 1
    },
    "date": "2000-01-02"
  },
  {
    "balance": {
      "ABC": 1,
      "USD": -50
    },
    "date": "2000-01-03"
  },
  {
    "balance": {},
    "date": "2014-01-01"
  },
  {
    "balance": {},
    "date": "2014-01-02"
  },
  {
    "balance": {},
    "date": "2014-01-03"
  },
  {
    "balance": {},
    "date": "2014-01-04"
  },
  {
    "balance": {
      "RGAGX": 11.644,
      "USD": -1799.96,
      "VBMPX": 21.964
    },
    "date": "2014-01-06"
  },
  {
    "balance": {},
    "date": "2014-01-08"
  },
  {
    "balance": {},
    "date": "2014-01-09"
  },
  {
    "balance": {},
    "date": "2014-01-10"
  },
  {
    "balance": {},
    "date": "2014-01-11"
  },
  {
    "balance": {},
    "date": "2014-01-12"
  },
  {
    "balance": {},
    "date": "2014-01-14"
  },
  {
    "balance": {},
    "date": "2014-01-15"
  },
  {
    "balance": {},
    "date": "2014-01-16"
  },
  {
    "balance": {},
    "date": "2014-01-17"
  },
  {
    "balance": {},
    "date": "2014-01-19"
  },
  {
    "balance": {
      "RGAGX": 11.724,
      "USD": -1800.03,
      "VBMPX": 21.720
    },
    "date": "2014-01-20"
  },
  {
    "balance": {},
    "date": "2014-01-21"
  },
  {
    "balance": {},
    "date": "2014-01-22"
  },
  {
    "balance": {},
    "date": "2014-01-23"
  },
  {
    "balance": {},
    "date": "2014-01-25"
  },
  {
    "balance": {},
    "date": "2014-01-28"
  },
  {
    "balance": {},
    "date": "2014-01-29"
  },
  {
    "balance": {},
    "date": "2014-01-30"
  },
  {
    "balance": {},
    "date": "2014-01-31"
  },
  {
    "balance": {},
    "date": "2014-02-01"
  },
  {
    "balance": {
      "RGAGX": 11.784,
      "USD": -1800.03,
      "VBMPX": 21.372
    },
    "date": "2014-02-03"
  },
  {
    "balance": {},
    "date": "2014-02-04"
  },
  {
    "balance": {},
    "date": "2014-02-06"
  },
  {
    "balance": {},
    "date": "2014-02-09"
  },
  {
    "balance": {},
    "date": "2014-02-10"
  },
  {
    "balance": {},
    "date": "2014-02-13"
  },
  {
    "balance": {},
    "date": "2014-02-14"
  },
  {
    "balance": {},
    "date": "2014-02-15"
  },
  {
    "balance": {
      "RGAGX": 11.593,
      "USD": -1799.99,
      "VBMPX": 21.798
    },
    "date": "2014-02-17"
  },
  {
    "balance": {},
    "date": "2014-02-18"
  },
  {
    "balance": {},
    "date": "2014-02-20"
  },
  {
    "balance": {},
    "date": "2014-02-22"
  },
  {
    "balance": {},
    "date": "2014-02-23"
  },
  {
    "balance": {},
    "date": "2014-02-24"
  },
  {
    "balance": {},
    "date": "2014-02-25"
  },
  {
    "balance": {},
    "date": "2014-02-27"
  },
  {
    "balance": {},
    "date": "2014-02-28"
  },
  {
    "balance": {},
    "date": "2014-03-02"
  },
  {
    "balance": {
      "RGAGX": 11.536,
      "USD": -1799.98,
      "VBMPX": 22.011
    },
    "date": "2014-03-03"
  },
  {
    "balance": {},
    "date": "2014-03-04"
  },
  {
    "balance": {},
    "date": "2014-03-06"
  },
  {
    "balance": {},
    "date": "2014-03-07"
  },
  {
    "balance": {},
    "date": "2014-03-09"
  },
  {
    "balance": {},
    "date": "2014-03-10"
  },
  {
    "balance": {},
    "date": "2014-03-13"
  },
  {
    "balance": {},
    "date": "2014-03-14"
  },
  {
    "balance": {},
    "date": "2014-03-15"
  },
  {
    "balance": {},
    "date": "2014-03-16"
  },
  {
    "balance": {
      "RGAGX": 11.382,
      "USD": -1800.01,
      "VBMPX": 22.153
    },
    "date": "2014-03-17"
  },
  {
    "balance": {},
    "date": "2014-03-20"
  },
  {
    "balance": {},
    "date": "2014-03-22"
  },
  {
    "balance": {},
    "date": "2014-03-23"
  },
  {
    "balance": {},
    "date": "2014-03-24"
  },
  {
    "balance": {},
    "date": "2014-03-27"
  },
  {
    "balance": {},
    "date": "2014-03-28"
  },
  {
    "balance": {},
    "date": "2014-03-29"
  },
  {
    "balance": {
      "RGAGX": 11.102,
      "USD": -1800.01,
      "VBMPX": 21.898
    },
    "date": "2014-03-31"
  },
  {
    "balance": {},
    "date": "2014-04-01"
  },
  {
    "balance": {},
    "date": "2014-04-02"
  },
  {
    "balance": {},
    "date": "2014-04-03"
  },
  {
    "balance": {},
    "date": "2014-04-04"
  },
  {
    "balance": {},
    "date": "2014-04-05"
  },
  {
    "balance": {},
    "date": "2014-04-08"
  },
  {
    "balance": {},
    "date": "2014-04-10"
  },
  {
    "balance": {},
    "date": "2014-04-11"
  },
  {
    "balance": {
      "RGAGX": 10.910,
      "USD": -1800.00,
      "VBMPX": 22.066
    },
    "date": "2014-04-14"
  },
  {
    "balance": {},
    "date": "2014-04-17"
  },
  {
    "balance": {},
    "date": "2014-04-20"
  },
  {
    "balance": {},
    "date": "2014-04-21"
  },
  {
    "balance": {},
    "date": "2014-04-22"
  },
  {
    "balance": {},
    "date": "2014-04-23"
  },
  {
    "balance": {},
    "date": "2014-04-24"
  },
  {
    "balance": {},
    "date": "2014-04-25"
  },
  {
    "balance": {},
    "date": "2014-04-26"
  },
  {
    "balance": {},
    "date": "2014-04-27"
  },
  {
    "balance": {
      "RGAGX": 11.024,
      "USD": -1800.02,
      "VBMPX": 22.222
    },
    "date": "2014-04-28"
  },
  {
    "balance": {},
    "date": "2014-05-01"
  },
  {
    "balance": {},
    "date": "2014-05-03"
  },
  {
    "balance": {},
    "date": "2014-05-04"
  },
  {
    "balance": {},
    "date": "2014-05-05"
  },
  {
    "balance": {},
    "date": "2014-05-07"
  },
  {
    "balance": {},
    "date": "2014-05-08"
  },
  {
    "balance": {},
    "date": "2014-05-09"
  },
  {
    "balance": {},
    "date": "2014-05-10"
  },
  {
    "balance": {},
    "date": "2014-05-11"
  },
  {
    "balance": {
      "RGAGX": 10.951,
      "USD": -1799.94,
      "VBMPX": 22.105
    },
    "date": "2014-05-12"
  },
  {
    "balance": {},
    "date": "2014-05-15"
  },
  {
    "balance": {},
    "date": "2014-05-16"
  },
  {
    "balance": {},
    "date": "2014-05-19"
  },
  {
    "balance": {},
    "date": "2014-05-21"
  },
  {
    "balance": {},
    "date": "2014-05-22"
  },
  {
    "balance": {},
    "date": "2014-05-23"
  },
  {
    "balance": {},
    "date": "2014-05-25"
  },
  {
    "balance": {
      "RGAGX": 10.716,
      "USD": -1800.06,
      "VBMPX": 22.465
    },
    "date": "2014-05-26"
  },
  {
    "balance": {},
    "date": "2014-05-28"
  },
  {
    "balance": {},
    "date": "2014-06-01"
  },
  {
    "balance": {},
    "date": "2014-06-02"
  },
  {
    "balance": {},
    "date": "2014-06-03"
  },
  {
    "balance": {},
    "date": "2014-06-04"
  },
  {
    "balance": {},
    "date": "2014-06-05"
  },
  {
    "balance": {},
    "date": "2014-06-06"
  },
  {
    "balance": {},
    "date": "2014-06-08"
  },
  {
    "balance": {
      "RGAGX": 10.682,
      "USD": -1799.95,
      "VBMPX": 23.099
    },
    "date": "2014-06-09"
  },
  {
    "balance": {},
    "date": "2014-06-11"
  },
  {
    "balance": {},
    "date": "2014-06-13"
  },
  {
    "balance": {},
    "date": "2014-06-16"
  },
  {
    "balance": {},
    "date": "2014-06-19"
  },
  {
    "balance": {},
    "date": "2014-06-20"
  },
  {
    "balance": {},
    "date": "2014-06-21"
  },
  {
    "balance": {},
    "date": "2014-06-22"
  },
  {
    "balance": {
      "RGAGX": 10.995,
      "USD": -1800.04,
      "VBMPX": 23.181
    },
    "date": "2014-06-23"
  },
  {
    "balance": {},
    "date": "2014-06-26"
  },
  {
    "balance": {},
    "date": "2014-06-28"
  },
  {
    "balance": {},
    "date": "2014-06-29"
  },
  {
    "balance": {},
    "date": "2014-07-03"
  },
  {
    "balance": {},
    "date": "2014-07-04"
  },
  {
    "balance": {},
    "date": "2014-07-05"
  },
  {
    "balance": {
      "RGAGX": 11.074,
      "USD": -1799.94,
      "VBMPX": 23.062
    },
    "date": "2014-07-07"
  },
  {
    "balance": {},
    "date": "2014-07-09"
  },
  {
    "balance": {},
    "date": "2014-07-10"
  },
  {
    "balance": {},
    "date": "2014-07-12"
  },
  {
    "balance": {},
    "date": "2014-07-15"
  },
  {
    "balance": {},
    "date": "2014-07-17"
  },
  {
    "balance": {},
    "date": "2014-07-18"
  },
  {
    "balance": {},
    "date": "2014-07-20"
  },
  {
    "balance": {
      "RGAGX": 6.515,
      "USD": -1050.01,
      "VBMPX": 13.376
    },
    "date": "2014-07-21"
  },
  {
    "balance": {},
    "date": "2014-07-22"
  },
  {
    "balance": {},
    "date": "2014-07-23"
  },
  {
    "balance": {},
    "date": "2014-07-26"
  },
  {
    "balance": {},
    "date": "2014-07-27"
  },
  {
    "balance": {},
    "date": "2014-07-28"
  },
  {
    "balance": {},
    "date": "2014-07-29"
  },
  {
    "balance": {},
    "date": "2014-07-31"
  },
  {
    "balance": {},
    "date": "2014-08-01"
  },
  {
    "balance": {},
    "date": "2014-08-03"
  },
  {
    "balance": {},
    "date": "2014-08-04"
  },
  {
    "balance": {},
    "date": "2014-08-05"
  },
  {
    "balance": {},
    "date": "2014-08-06"
  },
  {
    "balance": {},
    "date": "2014-08-07"
  },
  {
    "balance": {},
    "date": "2014-08-09"
  },
  {
    "balance": {},
    "date": "2014-08-11"
  },
  {
    "balance": {},
    "date": "2014-08-14"
  },
  {
    "balance": {},
    "date": "2014-08-15"
  },
  {
    "balance": {},
    "date": "2014-08-16"
  },
  {
    "balance": {},
    "date": "2014-08-17"
  },
  {
    "balance": {},
    "date": "2014-08-18"
  },
  {
    "balance": {},
    "date": "2014-08-19"
  },
  {
    "balance": {},
    "date": "2014-08-21"
  },
  {
    "balance": {},
    "date": "2014-08-23"
  },
  {
    "balance": {},
    "date": "2014-08-25"
  },
  {
    "balance": {},
    "date": "2014-08-28"
  },
  {
    "balance": {},
    "date": "2014-08-29"
  },
  {
    "balance": {},
    "date": "2014-09-02"
  },
  {
    "balance": {},
    "date": "2014-09-03"
  },
  {
    "balance": {},
    "date": "2014-09-04"
  },
  {
    "balance": {},
    "date": "2014-09-07"
  },
  {
    "balance": {},
    "date": "2014-09-08"
  },
  {
    "balance": {},
    "date": "2014-09-09"
  },
  {
    "balance": {},
    "date": "2014-09-10"
  },
  {
    "balance": {},
    "date": "2014-09-11"
  },
  {
    "balance": {},
    "date": "2014-09-12"
  },
  {
    "balance": {},
    "date": "2014-09-15"
  },
  {
    "balance": {},
    "date": "2014-09-16"
  },
  {
    "balance": {},
    "date": "2014-09-18"
  },
  {
    "balance": {},
    "date": "2014-09-19"
  },
  {
    "balance": {},
    "date": "2014-09-21"
  },
  {
    "balance": {},
    "date": "2014-09-22"
  },
  {
    "balance": {
      "GLD": 44,
      "USD": -4899.84
    },
    "date": "2014-09-25"
  },
  {
    "balance": {},
    "date": "2014-09-27"
  },
  {
    "balance": {},
    "date": "2014-10-01"
  },
  {
    "balance": {},
    "date": "2014-10-02"
  },
  {
    "balance": {},
    "date": "2014-10-04"
  },
  {
    "balance": {},
    "date": "2014-10-06"
  },
  {
    "balance": {},
    "date": "2014-10-07"
  },
  {
    "balance": {},
    "date": "2014-10-08"
  },
  {
    "balance": {},
    "date": "2014-10-09"
  },
  {
    "balance": {},
    "date": "2014-10-10"
  },
  {
    "balance": {},
    "date": "2014-10-11"
  },
  {
    "balance": {},
    "date": "2014-10-14"
  },
  {
    "balance": {},
    "date": "2014-10-15"
  },
  {
    "balance": {},
    "date": "2014-10-18"
  },
  {
    "balance": {},
    "date": "2014-10-19"
  },
  {
    "balance": {},
    "date": "2014-10-20"
  },
  {
    "balance": {},
    "date": "2014-10-23"
  },
  {
    "balance": {},
    "date": "2014-10-24"
  },
  {
    "balance": {},
    "date": "2014-10-26"
  },
  {
    "balance": {},
    "date": "2014-10-28"
  },
  {
    "balance": {},
    "date": "2014-10-29"
  },
  {
    "balance": {},
    "date": "2014-10-30"
  },
  {
    "balance": {},
    "date": "2014-11-01"
  },
  {
    "balance": {},
    "date": "2014-11-04"
  },
  {
    "balance": {},
    "date": "2014-11-05"
  },
  {
    "balance": {},
    "date": "2014-11-06"
  },
  {
    "balance": {},
    "date": "2014-11-07"
  },
  {
    "balance": {},
    "date": "2014-11-08"
  },
  {
    "balance": {},
    "date": "2014-11-09"
  },
  {
    "balance": {},
    "date": "2014-11-11"
  },
  {
    "balance": {},
    "date": "2014-11-14"
  },
  {
    "balance": {
      "GLD": 7,
      "ITOT": 9,
      "USD": -3065.54,
      "VEA": 10,
      "VHT": 8
    },
    "date": "2014-11-15"
  },
  {
    "balance": {},
    "date": "2014-11-16"
  },
  {
    "balance": {},
    "date": "2014-11-17"
  },
  {
    "balance": {},
    "date": "2014-11-18"
  },
  {
    "balance": {},
    "date": "2014-11-19"
  },
  {
    "balance": {},
    "date": "2014-11-20"
  },
  {
    "balance": {},
    "date": "2014-11-21"
  },
  {
    "balance": {},
    "date": "2014-11-22"
  },
  {
    "balance": {},
    "date": "2014-11-23"
  },
  {
    "balance": {},
    "date": "2014-11-27"
  },
  {
    "balance": {},
    "date": "2014-11-30"
  },
  {
    "balance": {
      "GLD": -44,
      "USD": 4899.84
    },
    "date": "2014-12-03"
  },
  {
    "balance": {},
    "date": "2014-12-04"
  },
  {
    "balance": {},
    "date": "2014-12-05"
  },
  {
    "balance": {
      "GLD": 11,
      "ITOT": 16,
      "USD": -4955.67,
      "VEA": 17,
      "VHT": 12
    },
    "date": "2014-12-08"
  },
  {
    "balance": {},
    "date": "2014-12-09"
  },
  {
    "balance": {},
    "date": "2014-12-10"
  },
  {
    "balance": {},
    "date": "2014-12-11"
  },
  {
    "balance": {},
    "date": "2014-12-14"
  },
  {
    "balance": {},
    "date": "2014-12-15"
  },
  {
    "balance": {},
    "date": "2014-12-16"
  },
  {
    "balance": {},
    "date": "2014-12-17"
  },
  {
    "balance": {},
    "date": "2014-12-18"
  },
  {
    "balance": {},
    "date": "2014-12-19"
  },
  {
    "balance": {},
    "date": "2014-12-20"
  },
  {
    "balance": {},
    "date": "2014-12-22"
  },
  {
    "balance": {},
    "date": "2014-12-24"
  },
  {
    "balance": {},
    "date": "2014-12-26"
  },
  {
    "balance": {},
    "date": "2014-12-31"
  },
  {
    "balance": {},
    "date": "2015-01-01"
  },
  {
    "balance": {},
    "date": "2015-01-02"
  },
  {
    "balance": {},
    "date": "2015-01-04"
  },
  {
    "balance": {
      "RGAGX": 10.024,
      "USD": -1799.99,
      "VBMPX": 25.751
    },
    "date": "2015-01-05"
  },
  {
    "balance": {},
    "date": "2015-01-06"
  },
  {
    "balance": {},
    "date": "2015-01-08"
  },
  {
    "balance": {},
    "date": "2015-01-09"
  },
  {
    "balance": {},
    "date": "2015-01-12"
  },
  {
    "balance": {},
    "date": "2015-01-13"
  },
  {
    "balance": {},
    "date": "2015-01-14"
  },
  {
    "balance": {},
    "date": "2015-01-15"
  },
  {
    "balance": {},
    "date": "2015-01-16"
  },
  {
    "balance": {
      "RGAGX": 10.181,
      "USD": -1800.00,
      "VBMPX": 25.751
    },
    "date": "2015-01-19"
  },
  {
    "balance": {},
    "date": "2015-01-20"
  },
  {
    "balance": {},
    "date": "2015-01-22"
  },
  {
    "balance": {},
    "date": "2015-01-24"
  },
  {
    "balance": {},
    "date": "2015-01-25"
  },
  {
    "balance": {},
    "date": "2015-01-28"
  },
  {
    "balance": {},
    "date": "2015-01-29"
  },
  {
    "balance": {},
    "date": "2015-01-30"
  },
  {
    "balance": {},
    "date": "2015-01-31"
  },
  {
    "balance": {},
    "date": "2015-02-01"
  },
  {
    "balance": {
      "RGAGX": 9.810,
      "USD": -1800.01,
      "VBMPX": 26.462
    },
    "date": "2015-02-02"
  },
  {
    "balance": {},
    "date": "2015-02-03"
  },
  {
    "balance": {},
    "date": "2015-02-04"
  },
  {
    "balance": {},
    "date": "2015-02-05"
  },
  {
    "balance": {},
    "date": "2015-02-09"
  },
  {
    "balance": {},
    "date": "2015-02-12"
  },
  {
    "balance": {},
    "date": "2015-02-13"
  },
  {
    "balance": {},
    "date": "2015-02-14"
  },
  {
    "balance": {
      "RGAGX": 9.506,
      "USD": -1800.08,
      "VBMPX": 25.881
    },
    "date": "2015-02-16"
  },
  {
    "balance": {},
    "date": "2015-02-17"
  },
  {
    "balance": {},
    "date": "2015-02-18"
  },
  {
    "balance": {},
    "date": "2015-02-19"
  },
  {
    "balance": {},
    "date": "2015-02-21"
  },
  {
    "balance": {},
    "date": "2015-02-23"
  },
  {
    "balance": {},
    "date": "2015-02-24"
  },
  {
    "balance": {},
    "date": "2015-02-25"
  },
  {
    "balance": {},
    "date": "2015-02-26"
  },
  {
    "balance": {},
    "date": "2015-02-27"
  },
  {
    "balance": {},
    "date": "2015-02-28"
  },
  {
    "balance": {
      "RGAGX": 9.566,
      "USD": -1799.97,
      "VBMPX": 26.567
    },
    "date": "2015-03-02"
  },
  {
    "balance": {},
    "date": "2015-03-04"
  },
  {
    "balance": {},
    "date": "2015-03-05"
  },
  {
    "balance": {},
    "date": "2015-03-09"
  },
  {
    "balance": {},
    "date": "2015-03-10"
  },
  {
    "balance": {},
    "date": "2015-03-12"
  },
  {
    "balance": {},
    "date": "2015-03-13"
  },
  {
    "balance": {},
    "date": "2015-03-14"
  },
  {
    "balance": {
      "RGAGX": 9.285,
      "USD": -1799.95,
      "VBMPX": 27.007
    },
    "date": "2015-03-16"
  },
  {
    "balance": {},
    "date": "2015-03-17"
  },
  {
    "balance": {},
    "date": "2015-03-18"
  },
  {
    "balance": {},
    "date": "2015-03-19"
  },
  {
    "balance": {},
    "date": "2015-03-20"
  },
  {
    "balance": {},
    "date": "2015-03-21"
  },
  {
    "balance": {},
    "date": "2015-03-22"
  },
  {
    "balance": {},
    "date": "2015-03-23"
  },
  {
    "balance": {},
    "date": "2015-03-24"
  },
  {
    "balance": {},
    "date": "2015-03-26"
  },
  {
    "balance": {},
    "date": "2015-03-27"
  },
  {
    "balance": {},
    "date": "2015-03-29"
  },
  {
    "balance": {
      "RGAGX": 9.091,
      "USD": -1800.01,
      "VBMPX": 27.078
    },
    "date": "2015-03-30"
  },
  {
    "balance": {},
    "date": "2015-04-03"
  },
  {
    "balance": {},
    "date": "2015-04-04"
  },
  {
    "balance": {},
    "date": "2015-04-06"
  },
  {
    "balance": {},
    "date": "2015-04-08"
  },
  {
    "balance": {},
    "date": "2015-04-09"
  },
  {
    "balance": {},
    "date": "2015-04-10"
  },
  {
    "balance": {
      "RGAGX": 9.147,
      "USD": -1800.07,
      "VBMPX": 26.441
    },
    "date": "2015-04-13"
  },
  {
    "balance": {},
    "date": "2015-04-15"
  },
  {
    "balance": {},
    "date": "2015-04-18"
  },
  {
    "balance": {},
    "date": "2015-04-19"
  },
  {
    "balance": {},
    "date": "2015-04-20"
  },
  {
    "balance": {},
    "date": "2015-04-21"
  },
  {
    "balance": {},
    "date": "2015-04-23"
  },
  {
    "balance": {},
    "date": "2015-04-24"
  },
  {
    "balance": {},
    "date": "2015-04-26"
  },
  {
    "balance": {
      "RGAGX": 9.153,
      "USD": -1799.93,
      "VBMPX": 27.282
    },
    "date": "2015-04-27"
  },
  {
    "balance": {},
    "date": "2015-04-29"
  },
  {
    "balance": {},
    "date": "2015-04-30"
  },
  {
    "balance": {},
    "date": "2015-05-03"
  },
  {
    "balance": {},
    "date": "2015-05-04"
  },
  {
    "balance": {},
    "date": "2015-05-05"
  },
  {
    "balance": {},
    "date": "2015-05-07"
  },
  {
    "balance": {},
    "date": "2015-05-08"
  },
  {
    "balance": {},
    "date": "2015-05-09"
  },
  {
    "balance": {},
    "date": "2015-05-10"
  },
  {
    "balance": {
      "RGAGX": 8.999,
      "USD": -1800.08,
      "VBMPX": 27.160
    },
    "date": "2015-05-11"
  },
  {
    "balance": {},
    "date": "2015-05-14"
  },
  {
    "balance": {},
    "date": "2015-05-15"
  },
  {
    "balance": {},
    "date": "2015-05-17"
  },
  {
    "balance": {},
    "date": "2015-05-19"
  },
  {
    "balance": {},
    "date": "2015-05-21"
  },
  {
    "balance": {},
    "date": "2015-05-22"
  },
  {
    "balance": {},
    "date": "2015-05-23"
  },
  {
    "balance": {
      "RGAGX": 8.937,
      "USD": -1799.91,
      "VBMPX": 27.766
    },
    "date": "2015-05-25"
  },
  {
    "balance": {},
    "date": "2015-05-26"
  },
  {
    "balance": {},
    "date": "2015-05-31"
  },
  {
    "balance": {},
    "date": "2015-06-01"
  },
  {
    "balance": {},
    "date": "2015-06-02"
  },
  {
    "balance": {},
    "date": "2015-06-04"
  },
  {
    "balance": {},
    "date": "2015-06-05"
  },
  {
    "balance": {},
    "date": "2015-06-07"
  },
  {
    "balance": {
      "RGAGX": 8.630,
      "USD": -1800.07,
      "VBMPX": 28.192
    },
    "date": "2015-06-08"
  },
  {
    "balance": {},
    "date": "2015-06-10"
  },
  {
    "balance": {},
    "date": "2015-06-11"
  },
  {
    "balance": {
      "USD": 759.80,
      "VEA": -10
    },
    "date": "2015-06-13"
  },
  {
    "balance": {
      "GLD": 1,
      "ITOT": 2,
      "USD": -548.15,
      "VEA": 2,
      "VHT": 1
    },
    "date": "2015-06-14"
  },
  {
    "balance": {},
    "date": "2015-06-17"
  },
  {
    "balance": {},
    "date": "2015-06-18"
  },
  {
    "balance": {},
    "date": "2015-06-19"
  },
  {
    "balance": {
      "RGAGX": 8.414,
      "USD": -1799.94,
      "VBMPX": 28.158
    },
    "date": "2015-06-22"
  },
  {
    "balance": {},
    "date": "2015-06-25"
  },
  {
    "balance": {},
    "date": "2015-06-27"
  },
  {
    "balance": {},
    "date": "2015-06-29"
  },
  {
    "balance": {},
    "date": "2015-07-02"
  },
  {
    "balance": {},
    "date": "2015-07-03"
  },
  {
    "balance": {},
    "date": "2015-07-04"
  },
  {
    "balance": {
      "RGAGX": 8.229,
      "USD": -1800.00,
      "VBMPX": 27.672
    },
    "date": "2015-07-06"
  },
  {
    "balance": {},
    "date": "2015-07-08"
  },
  {
    "balance": {},
    "date": "2015-07-09"
  },
  {
    "balance": {},
    "date": "2015-07-10"
  },
  {
    "balance": {},
    "date": "2015-07-11"
  },
  {
    "balance": {},
    "date": "2015-07-12"
  },
  {
    "balance": {},
    "date": "2015-07-13"
  },
  {
    "balance": {},
    "date": "2015-07-14"
  },
  {
    "balance": {},
    "date": "2015-07-16"
  },
  {
    "balance": {},
    "date": "2015-07-17"
  },
  {
    "balance": {},
    "date": "2015-07-18"
  },
  {
    "balance": {
      "RGAGX": 8.189,
      "USD": -1800.08,
      "VBMPX": 27.419
    },
    "date": "2015-07-20"
  },
  {
    "balance": {},
    "date": "2015-07-21"
  },
  {
    "balance": {},
    "date": "2015-07-22"
  },
  {
    "balance": {},
    "date": "2015-07-23"
  },
  {
    "balance": {},
    "date": "2015-07-24"
  },
  {
    "balance": {},
    "date": "2015-07-25"
  },
  {
    "balance": {},
    "date": "2015-07-26"
  },
  {
    "balance": {},
    "date": "2015-07-27"
  },
  {
    "balance": {},
    "date": "2015-07-30"
  },
  {
    "balance": {},
    "date": "2015-08-01"
  },
  {
    "balance": {},
    "date": "2015-08-03"
  },
  {
    "balance": {},
    "date": "2015-08-04"
  },
  {
    "balance": {},
    "date": "2015-08-05"
  },
  {
    "balance": {},
    "date": "2015-08-06"
  },
  {
    "balance": {},
    "date": "2015-08-09"
  },
  {
    "balance": {},
    "date": "2015-08-11"
  },
  {
    "balance": {},
    "date": "2015-08-13"
  },
  {
    "balance": {},
    "date": "2015-08-14"
  },
  {
    "balance": {},
    "date": "2015-08-15"
  },
  {
    "balance": {},
    "date": "2015-08-16"
  },
  {
    "balance": {},
    "date": "2015-08-18"
  },
  {
    "balance": {},
    "date": "2015-08-19"
  },
  {
    "balance": {},
    "date": "2015-08-21"
  },
  {
    "balance": {},
    "date": "2015-08-24"
  },
  {
    "balance": {},
    "date": "2015-08-25"
  },
  {
    "balance": {},
    "date": "2015-08-27"
  },
  {
    "balance": {},
    "date": "2015-08-28"
  },
  {
    "balance": {},
    "date": "2015-08-29"
  },
  {
    "balance": {},
    "date": "2015-08-30"
  },
  {
    "balance": {},
    "date": "2015-09-03"
  },
  {
    "balance": {},
    "date": "2015-09-04"
  },
  {
    "balance": {
      "GLD": 8,
      "ITOT": 10,
      "USD": -3354.83,
      "VEA": 11,
      "VHT": 7
    },
    "date": "2015-09-06"
  },
  {
    "balance": {},
    "date": "2015-09-07"
  },
  {
    "balance": {},
    "date": "2015-09-08"
  },
  {
    "balance": {},
    "date": "2015-09-09"
  },
  {
    "balance": {},
    "date": "2015-09-10"
  },
  {
    "balance": {},
    "date": "2015-09-11"
  },
  {
    "balance": {},
    "date": "2015-09-15"
  },
  {
    "balance": {},
    "date": "2015-09-17"
  },
  {
    "balance": {},
    "date": "2015-09-18"
  },
  {
    "balance": {},
    "date": "2015-09-19"
  },
  {
    "balance": {},
    "date": "2015-09-22"
  },
  {
    "balance": {},
    "date": "2015-09-23"
  },
  {
    "balance": {},
    "date": "2015-09-24"
  },
  {
    "balance": {},
    "date": "2015-09-26"
  },
  {
    "balance": {},
    "date": "2015-09-29"
  },
  {
    "balance": {},
    "date": "2015-10-01"
  },
  {
    "balance": {},
    "date": "2015-10-04"
  },
  {
    "balance": {},
    "date": "2015-10-05"
  },
  {
    "balance": {},
    "date": "2015-10-06"
  },
  {
    "balance": {},
    "date": "2015-10-07"
  },
  {
    "balance": {},
    "date": "2015-10-08"
  },
  {
    "balance": {},
    "date": "2015-10-09"
  },
  {
    "balance": {
      "GLD": 10,
      "ITOT": 12,
      "USD": -4134.49,
      "VEA": 14,
      "VHT": 9
    },
    "date": "2015-10-11"
  },
  {
    "balance": {},
    "date": "2015-10-14"
  },
  {
    "balance": {},
    "date": "2015-10-18"
  },
  {
    "balance": {},
    "date": "2015-10-19"
  },
  {
    "balance": {},
    "date": "2015-10-21"
  },
  {
    "balance": {},
    "date": "2015-10-22"
  },
  {
    "balance": {},
    "date": "2015-10-23"
  },
  {
    "balance": {},
    "date": "2015-10-24"
  },
  {
    "balance": {
      "GLD": -11,
      "USD": 1197.13
    },
    "date": "2015-10-27"
  },
  {
    "balance": {},
    "date": "2015-10-28"
  },
  {
    "balance": {},
    "date": "2015-11-01"
  },
  {
    "balance": {},
    "date": "2015-11-04"
  },
  {
    "balance": {},
    "date": "2015-11-05"
  },
  {
    "balance": {},
    "date": "2015-11-06"
  },
  {
    "balance": {},
    "date": "2015-11-07"
  },
  {
    "balance": {},
    "date": "2015-11-08"
  },
  {
    "balance": {},
    "date": "2015-11-09"
  },
  {
    "balance": {
      "ITOT": -16,
      "USD": 1291.36
    },
    "date": "2015-11-11"
  },
  {
    "balance": {},
    "date": "2015-11-12"
  },
  {
    "balance": {},
    "date": "2015-11-16"
  },
  {
    "balance": {},
    "date": "2015-11-19"
  },
  {
    "balance": {},
    "date": "2015-11-20"
  },
  {
    "balance": {},
    "date": "2015-11-21"
  },
  {
    "balance": {},
    "date": "2015-11-22"
  },
  {
    "balance": {
      "ITOT": 25,
      "USD": -6528.78,
      "VEA": 28,
      "VHT": 20
    },
    "date": "2015-11-23"
  },
  {
    "balance": {},
    "date": "2015-11-26"
  },
  {
    "balance": {},
    "date": "2015-11-30"
  },
  {
    "balance": {},
    "date": "2015-12-02"
  },
  {
    "balance": {},
    "date": "2015-12-03"
  },
  {
    "balance": {},
    "date": "2015-12-04"
  },
  {
    "balance": {},
    "date": "2015-12-05"
  },
  {
    "balance": {},
    "date": "2015-12-06"
  },
  {
    "balance": {},
    "date": "2015-12-08"
  },
  {
    "balance": {},
    "date": "2015-12-09"
  },
  {
    "balance": {},
    "date": "2015-12-14"
  },
  {
    "balance": {},
    "date": "2015-12-16"
  },
  {
    "balance": {},
    "date": "2015-12-17"
  },
  {
    "balance": {},
    "date": "2015-12-18"
  },
  {
    "balance": {},
    "date": "2015-12-19"
  },
  {
    "balance": {
      "USD": 786.88,
      "VHT": -8
    },
    "date": "2015-12-20"
  },
  {
    "balance": {},
    "date": "2015-12-22"
  },
  {
    "balance": {
      "USD": 1228.42,
      "VEA": -17
    },
    "date": "2015-12-23"
  },
  {
    "balance": {},
    "date": "2015-12-25"
  },
  {
    "balance": {
      "GLD": 11,
      "USD": -2278.40,
      "VEA": 15
    },
    "date": "2015-12-27"
  },
  {
    "balance": {},
    "date": "2015-12-28"
  },
  {
    "balance": {},
    "date": "2015-12-30"
  },
  {
    "balance": {},
    "date": "2015-12-31"
  },
  {
    "balance": {},
    "date": "2016-01-01"
  },
  {
    "balance": {},
    "date": "2016-01-03"
  },
  {
    "balance": {},
    "date": "2016-01-04"
  },
  {
    "balance": {},
    "date": "2016-01-06"
  },
  {
    "balance": {},
    "date": "2016-01-07"
  },
  {
    "balance": {},
    "date": "2016-01-08"
  },
  {
    "balance": {},
    "date": "2016-01-09"
  },
  {
    "balance": {},
    "date": "2016-01-13"
  },
  {
    "balance": {},
    "date": "2016-01-14"
  },
  {
    "balance": {},
    "date": "2016-01-15"
  },
  {
    "balance": {},
    "date": "2016-01-16"
  },
  {
    "balance": {
      "RGAGX": 7.812,
      "USD": -1799.98,
      "VBMPX": 23.330
    },
    "date": "2016-01-18"
  },
  {
    "balance": {},
    "date": "2016-01-20"
  },
  {
    "balance": {},
    "date": "2016-01-21"
  },
  {
    "balance": {
      "GLD": -7,
      "USD": 770.42
    },
    "date": "2016-01-23"
  },
  {
    "balance": {},
    "date": "2016-01-25"
  },
  {
    "balance": {},
    "date": "2016-01-26"
  },
  {
    "balance": {},
    "date": "2016-01-27"
  },
  {
    "balance": {},
    "date": "2016-01-28"
  },
  {
    "balance": {},
    "date": "2016-01-29"
  },
  {
    "balance": {
      "RGAGX": 8.032,
      "USD": -1799.94,
      "VBMPX": 23.421
    },
    "date": "2016-02-01"
  },
  {
    "balance": {},
    "date": "2016-02-02"
  },
  {
    "balance": {},
    "date": "2016-02-04"
  },
  {
    "balance": {},
    "date": "2016-02-05"
  },
  {
    "balance": {},
    "date": "2016-02-07"
  },
  {
    "balance": {},
    "date": "2016-02-09"
  },
  {
    "balance": {},
    "date": "2016-02-11"
  },
  {
    "balance": {},
    "date": "2016-02-12"
  },
  {
    "balance": {
      "RGAGX": 8.062,
      "USD": -1799.98,
      "VBMPX": 23.084
    },
    "date": "2016-02-15"
  },
  {
    "balance": {},
    "date": "2016-02-18"
  },
  {
    "balance": {},
    "date": "2016-02-19"
  },
  {
    "balance": {},
    "date": "2016-02-21"
  },
  {
    "balance": {},
    "date": "2016-02-23"
  },
  {
    "balance": {},
    "date": "2016-02-25"
  },
  {
    "balance": {},
    "date": "2016-02-26"
  },
  {
    "balance": {
      "RGAGX": 8.202,
      "USD": -1799.99,
      "VBMPX": 22.614
    },
    "date": "2016-02-29"
  },
  {
    "balance": {},
    "date": "2016-03-02"
  },
  {
    "balance": {},
    "date": "2016-03-04"
  },
  {
    "balance": {},
    "date": "2016-03-06"
  },
  {
    "balance": {},
    "date": "2016-03-07"
  },
  {
    "balance": {},
    "date": "2016-03-08"
  },
  {
    "balance": {},
    "date": "2016-03-10"
  },
  {
    "balance": {},
    "date": "2016-03-11"
  },
  {
    "balance": {},
    "date": "2016-03-12"
  },
  {
    "balance": {
      "RGAGX": 8.286,
      "USD": -1800.11,
      "VBMPX": 22.375
    },
    "date": "2016-03-14"
  },
  {
    "balance": {},
    "date": "2016-03-16"
  },
  {
    "balance": {},
    "date": "2016-03-17"
  },
  {
    "balance": {},
    "date": "2016-03-18"
  },
  {
    "balance": {},
    "date": "2016-03-20"
  },
  {
    "balance": {},
    "date": "2016-03-21"
  },
  {
    "balance": {},
    "date": "2016-03-22"
  },
  {
    "balance": {},
    "date": "2016-03-23"
  },
  {
    "balance": {},
    "date": "2016-03-24"
  },
  {
    "balance": {},
    "date": "2016-03-25"
  },
  {
    "balance": {},
    "date": "2016-03-26"
  },
  {
    "balance": {
      "RGAGX": 8.211,
      "USD": -1799.90,
      "VBMPX": 22.045
    },
    "date": "2016-03-28"
  },
  {
    "balance": {},
    "date": "2016-04-01"
  },
  {
    "balance": {},
    "date": "2016-04-02"
  },
  {
    "balance": {},
    "date": "2016-04-04"
  },
  {
    "balance": {},
    "date": "2016-04-05"
  },
  {
    "balance": {},
    "date": "2016-04-06"
  },
  {
    "balance": {},
    "date": "2016-04-07"
  },
  {
    "balance": {},
    "date": "2016-04-08"
  },
  {
    "balance": {},
    "date": "2016-04-09"
  },
  {
    "balance": {},
    "date": "2016-04-10"
  },
  {
    "balance": {
      "RGAGX": 8.182,
      "USD": -1800.02,
      "VBMPX": 22.291
    },
    "date": "2016-04-11"
  },
  {
    "balance": {},
    "date": "2016-04-12"
  },
  {
    "balance": {},
    "date": "2016-04-13"
  },
  {
    "balance": {},
    "date": "2016-04-14"
  },
  {
    "balance": {},
    "date": "2016-04-15"
  },
  {
    "balance": {},
    "date": "2016-04-17"
  },
  {
    "balance": {},
    "date": "2016-04-20"
  },
  {
    "balance": {},
    "date": "2016-04-21"
  },
  {
    "balance": {},
    "date": "2016-04-22"
  },
  {
    "balance": {},
    "date": "2016-04-24"
  },
  {
    "balance": {
      "RGAGX": 7.901,
      "USD": -1800.02,
      "VBMPX": 23.317
    },
    "date": "2016-04-25"
  },
  {
    "balance": {},
    "date": "2016-04-26"
  },
  {
    "balance": {},
    "date": "2016-04-27"
  },
  {
    "balance": {
      "GLD": 17,
      "USD": -3663.93,
      "VEA": 22
    },
    "date": "2016-04-30"
  },
  {
    "balance": {},
    "date": "2016-05-02"
  },
  {
    "balance": {},
    "date": "2016-05-03"
  },
  {
    "balance": {},
    "date": "2016-05-04"
  },
  {
    "balance": {},
    "date": "2016-05-05"
  },
  {
    "balance": {},
    "date": "2016-05-06"
  },
  {
    "balance": {},
    "date": "2016-05-07"
  },
  {
    "balance": {
      "RGAGX": 7.858,
      "USD": -1799.98,
      "VBMPX": 23.935
    },
    "date": "2016-05-09"
  }
]