[
  {
    "balance": {
      "ABC": 1,
      "GLD": 3,
      "ITOT": 58,
      "RGAGX": 373.339,
      "USD": -87145.92,
      "VBMPX": 935.491,
      "VEA": 92,
      "VHT": 49,
      "XYZ": 1
    },
    "group": ""
  },
  {
    "balance": {
      "GLD": 44,
      "USD": -4899.84
    },
    "group": "test"
  },
  {
    "balance": {},
    "group": "trip-chicago-2015"
  },
  {
    "balance": {},
    "group": "trip-san-francisco-2015"
  },
  {
    "balance": {},
    "group": "trip-new-york-2016"
  }
]