[
  {
    "balance": {
      "USD": 100
    },
    "group": ""
  },
  {
    "balance": {},
    "group": "\u00c1rv\u00edzt\u0171r\u0151 t\u00fck\u00f6rf\u00far\u00f3g\u00e9p"
  },
  {
    "balance": {
      "USD": -20960.09
    },
    "group": ""
  },
  {
    "balance": {
      "IRAUSD": 53500
    },
    "group": ""
  },
  {
    "balance": {
      "USD": 112758.74
    },
    "group": "BayBook"
  },
  {
    "balance": {
      "USD": 46300.0
    },
    "group": "BayBook"
  },
  {
    "balance": {
      "IRAUSD": -46300.0
    },
    "group": "BayBook"
  },
  {
    "balance": {
      "VACHR": 310
    },
    "group": "BayBook"
  },
  {
    "balance": {
      "USD": -46299.98
    },
    "group": ""
  },
  {
    "balance": {
      "USD": -116.0
    },
    "group": "BANK FEES"
  },
  {
    "balance": {
      "USD": -67200.0
    },
    "group": "RiverBank Properties"
  },
  {
    "balance": {
      "USD": 27779.92083
    },
    "group": ""
  },
  {
    "balance": {
      "USD": 41670.00757
    },
    "group": ""
  },
  {
    "balance": {
      "USD": -1820.0
    },
    "group": "EDISON POWER"
  },
  {
    "balance": {
      "USD": -17019.94
    },
    "group": "Chase:Slate"
  },
  {
    "balance": {
      "USD": -1769.99
    },
    "group": "Verizon Wireless"
  },
  {
    "balance": {
      "USD": -2239.93
    },
    "group": "Wine-Tarner Cable"
  },
  {
    "balance": {
      "USD": 641.76
    },
    "group": ""
  },
  {
    "balance": {
      "USD": 4899.98
    },
    "group": ""
  },
  {
    "balance": {
      "USD": 4972.52
    },
    "group": ""
  },
  {
    "balance": {
      "USD": 7297.47
    },
    "group": ""
  },
  {
    "balance": {
      "USD": 5325.81
    },
    "group": ""
  },
  {
    "balance": {
      "VACHR": -392
    },
    "group": ""
  }
]