[
  "Assets:US:BofA:Checking",
  "Expenses:Home:Electricity",
  "Liabilities:US:Chase:Slate",
  "Expenses:Food:Restaurant",
  "Assets:US:Vanguard:Cash",
  "Assets:US:Vanguard:RGAGX",
  "Assets:US:Vanguard:VBMPX",
  "Assets:US:BayBook:Vacation",
  "Assets:US:Federal:PreTax401k",
  "Expenses:Health:Dental:Insurance",
  "Expenses:Health:Life:GroupTermLife",
  "Expenses:Health:Medical:Insurance",
  "Expenses:Health:Vision:Insurance",
  "Income:US:BayBook:GroupTermLife",
  "Income:US:BayBook:Salary",
  "Income:US:BayBook:Vacation",
  "Assets:US:ETrade:Cash",
  "Expenses:Food:Groceries",
  "Expenses:Financial:Commissions",
  "Income:US:BayBook:Match401k",
  "Expenses:Taxes:Y2015:US:Federal",
  "Expenses:Taxes:Y2015:US:State",
  "Expenses:Taxes:Y2015:US:CityNYC",
  "Expenses:Taxes:Y2015:US:Medicare",
  "Expenses:Taxes:Y2015:US:SDI",
  "Expenses:Taxes:Y2015:US:SocSec",
  "Expenses:Financial:Fees",
  "Expenses:Home:Internet",
  "Expenses:Home:Phone",
  "Expenses:Home:Rent",
  "Expenses:Transport:Tram",
  "Expenses:Food:Coffee",
  "Expenses:Taxes:Y2016:US:CityNYC",
  "Expenses:Taxes:Y2016:US:Federal",
  "Expenses:Taxes:Y2016:US:Federal:PreTax401k",
  "Expenses:Taxes:Y2016:US:Medicare",
  "Expenses:Taxes:Y2016:US:SDI",
  "Expenses:Taxes:Y2016:US:SocSec",
  "Expenses:Taxes:Y2016:US:State",
  "Expenses:Taxes:Y2014:US:Federal",
  "Expenses:Taxes:Y2014:US:State",
  "Expenses:Taxes:Y2014:US:CityNYC",
  "Expenses:Taxes:Y2014:US:Medicare",
  "Expenses:Taxes:Y2014:US:SDI",
  "Expenses:Taxes:Y2014:US:SocSec",
  "Expenses:Taxes:Y2015:US:Federal:PreTax401k",
  "Assets:US:ETrade:GLD",
  "Assets:US:ETrade:VEA",
  "Income:US:ETrade:Gains",
  "Liabilities:AccountsPayable",
  "Assets:US:ETrade:VHT",
  "Assets:US:ETrade:ITOT",
  "Income:US:ETrade:Dividends",
  "Expenses:Taxes:Y2014:US:Federal:PreTax401k",
  "Expenses:Vacation",
  "Income:US:Federal:PreTax401k",
  "Expenses:Food:Alcohol",
  "Equity:Opening-Balances",
  "Assets:Testing:MultipleCommodities",
  "Assets:US:BofA",
  "Assets:US:Vanguard"
]