{
  "balances_after": null,
  "balances_before": null,
  "entry": {
    "account": "Expenses:Food:Alcohol",
    "booking": null,
    "currencies": null,
    "date": "1980-05-12",
    "meta": {
      "filename": "TEST_DATA_DIR/long-example.beancount",
      "lineno": 5057
    },
    "t": "Open"
  },
  "sha256sum": "ENTRY_HASH260d384e80c9af182390e419d4a0bbc8",
  "slice": "1980-05-12 open Expenses:Food:Alcohol"
}