[
  {
    "balance": {
      "USD": 100
    },
    "date": "2000-01-01"
  },
  {
    "balance": {
      "USD": 100
    },
    "date": "2000-01-02"
  },
  {
    "balance": {
      "USD": 100
    },
    "date": "2000-01-03"
  }
]